Using launch settings from C:\Users\CHMOKUM\source\repos\STEM\backend\src\MultiTenantSaaS.API\Properties\launchSettings.json...
Building...
C:\Users\CHMOKUM\source\repos\STEM\backend\src\MultiTenantSaaS.Application\MultiTenantSaaS.Application.csproj : warning NU1903: Package 'AutoMapper' 13.0.1 has a known high severity vulnerability, https://github.com/advisories/GHSA-rvv3-g6hj-g44x [C:\Users\CHMOKUM\source\repos\STEM\backend\src\MultiTenantSaaS.API\MultiTenantSaaS.API.csproj]
C:\Users\CHMOKUM\source\repos\STEM\backend\src\MultiTenantSaaS.Application\MultiTenantSaaS.Application.csproj : warning NU1903: Package 'AutoMapper' 13.0.1 has a known high severity vulnerability, https://github.com/advisories/GHSA-rvv3-g6hj-g44x
[20:46:48 INF] User profile is available. Using 'C:\Users\CHMOKUM\AppData\Local\ASP.NET\DataProtection-Keys' as key repository and Windows DPAPI to encrypt keys at rest.
[20:46:49 WRN] Entity 'Passage' has a global query filter defined and is the required end of a relationship with the entity 'PassageLeg'. This may lead to unexpected results when the required entity is filtered out. Either configure the navigation as optional, or define matching query filters for both entities in the navigation. See https://go.microsoft.com/fwlink/?linkid=2131316 for more information.
[20:46:49 WRN] Entity 'ApplicationUser' has a global query filter defined and is the required end of a relationship with the entity 'RefreshToken'. This may lead to unexpected results when the required entity is filtered out. Either configure the navigation as optional, or define matching query filters for both entities in the navigation. See https://go.microsoft.com/fwlink/?linkid=2131316 for more information.
[20:46:49 WRN] Entity 'ApplicationUser' has a global query filter defined and is the required end of a relationship with the entity 'Tenant'. This may lead to unexpected results when the required entity is filtered out. Either configure the navigation as optional, or define matching query filters for both entities in the navigation. See https://go.microsoft.com/fwlink/?linkid=2131316 for more information.
[20:46:49 WRN] No store type was specified for the decimal property 'Cost' on entity type 'AdditionalService'. This will cause values to be silently truncated if they do not fit in the default precision and scale. Explicitly specify the SQL server column type that can accommodate all the values in 'OnModelCreating' using 'HasColumnType', specify precision and scale using 'HasPrecision', or configure a value converter using 'HasConversion'.
[20:46:49 WRN] No store type was specified for the decimal property 'Tax' on entity type 'AdditionalService'. This will cause values to be silently truncated if they do not fit in the default precision and scale. Explicitly specify the SQL server column type that can accommodate all the values in 'OnModelCreating' using 'HasColumnType', specify precision and scale using 'HasPrecision', or configure a value converter using 'HasConversion'.
[20:46:49 WRN] No store type was specified for the decimal property 'Amount' on entity type 'AgentInvoice'. This will cause values to be silently truncated if they do not fit in the default precision and scale. Explicitly specify the SQL server column type that can accommodate all the values in 'OnModelCreating' using 'HasColumnType', specify precision and scale using 'HasPrecision', or configure a value converter using 'HasConversion'.
[20:46:49 WRN] No store type was specified for the decimal property 'Approved' on entity type 'AgentInvoice'. This will cause values to be silently truncated if they do not fit in the default precision and scale. Explicitly specify the SQL server column type that can accommodate all the values in 'OnModelCreating' using 'HasColumnType', specify precision and scale using 'HasPrecision', or configure a value converter using 'HasConversion'.
[20:46:49 WRN] No store type was specified for the decimal property 'Paid' on entity type 'AgentInvoice'. This will cause values to be silently truncated if they do not fit in the default precision and scale. Explicitly specify the SQL server column type that can accommodate all the values in 'OnModelCreating' using 'HasColumnType', specify precision and scale using 'HasPrecision', or configure a value converter using 'HasConversion'.
[20:46:49 WRN] No store type was specified for the decimal property 'MaxLatitude' on entity type 'AreaConstraint'. This will cause values to be silently truncated if they do not fit in the default precision and scale. Explicitly specify the SQL server column type that can accommodate all the values in 'OnModelCreating' using 'HasColumnType', specify precision and scale using 'HasPrecision', or configure a value converter using 'HasConversion'.
[20:46:49 WRN] No store type was specified for the decimal property 'MaxLongitude' on entity type 'AreaConstraint'. This will cause values to be silently truncated if they do not fit in the default precision and scale. Explicitly specify the SQL server column type that can accommodate all the values in 'OnModelCreating' using 'HasColumnType', specify precision and scale using 'HasPrecision', or configure a value converter using 'HasConversion'.
[20:46:49 WRN] No store type was specified for the decimal property 'MinLatitude' on entity type 'AreaConstraint'. This will cause values to be silently truncated if they do not fit in the default precision and scale. Explicitly specify the SQL server column type that can accommodate all the values in 'OnModelCreating' using 'HasColumnType', specify precision and scale using 'HasPrecision', or configure a value converter using 'HasConversion'.
[20:46:49 WRN] No store type was specified for the decimal property 'MinLongitude' on entity type 'AreaConstraint'. This will cause values to be silently truncated if they do not fit in the default precision and scale. Explicitly specify the SQL server column type that can accommodate all the values in 'OnModelCreating' using 'HasColumnType', specify precision and scale using 'HasPrecision', or configure a value converter using 'HasConversion'.
[20:46:49 WRN] No store type was specified for the decimal property 'DensityMax' on entity type 'CargoMaster'. This will cause values to be silently truncated if they do not fit in the default precision and scale. Explicitly specify the SQL server column type that can accommodate all the values in 'OnModelCreating' using 'HasColumnType', specify precision and scale using 'HasPrecision', or configure a value converter using 'HasConversion'.
[20:46:49 WRN] No store type was specified for the decimal property 'DensityMin' on entity type 'CargoMaster'. This will cause values to be silently truncated if they do not fit in the default precision and scale. Explicitly specify the SQL server column type that can accommodate all the values in 'OnModelCreating' using 'HasColumnType', specify precision and scale using 'HasPrecision', or configure a value converter using 'HasConversion'.
[20:46:49 WRN] No store type was specified for the decimal property 'Amount' on entity type 'ClaimRecord'. This will cause values to be silently truncated if they do not fit in the default precision and scale. Explicitly specify the SQL server column type that can accommodate all the values in 'OnModelCreating' using 'HasColumnType', specify precision and scale using 'HasPrecision', or configure a value converter using 'HasConversion'.
[20:46:49 WRN] No store type was specified for the decimal property 'Settlement' on entity type 'ClaimRecord'. This will cause values to be silently truncated if they do not fit in the default precision and scale. Explicitly specify the SQL server column type that can accommodate all the values in 'OnModelCreating' using 'HasColumnType', specify precision and scale using 'HasPrecision', or configure a value converter using 'HasConversion'.
[20:46:49 WRN] No store type was specified for the decimal property 'BalancePayable' on entity type 'FinalDisbursement'. This will cause values to be silently truncated if they do not fit in the default precision and scale. Explicitly specify the SQL server column type that can accommodate all the values in 'OnModelCreating' using 'HasColumnType', specify precision and scale using 'HasPrecision', or configure a value converter using 'HasConversion'.
[20:46:49 WRN] No store type was specified for the decimal property 'FdaAmount' on entity type 'FinalDisbursement'. This will cause values to be silently truncated if they do not fit in the default precision and scale. Explicitly specify the SQL server column type that can accommodate all the values in 'OnModelCreating' using 'HasColumnType', specify precision and scale using 'HasPrecision', or configure a value converter using 'HasConversion'.
[20:46:49 WRN] No store type was specified for the decimal property 'PdaAdvance' on entity type 'FinalDisbursement'. This will cause values to be silently truncated if they do not fit in the default precision and scale. Explicitly specify the SQL server column type that can accommodate all the values in 'OnModelCreating' using 'HasColumnType', specify precision and scale using 'HasPrecision', or configure a value converter using 'HasConversion'.
[20:46:49 WRN] No store type was specified for the decimal property 'DaysAllowed' on entity type 'LaytimeCalculation'. This will cause values to be silently truncated if they do not fit in the default precision and scale. Explicitly specify the SQL server column type that can accommodate all the values in 'OnModelCreating' using 'HasColumnType', specify precision and scale using 'HasPrecision', or configure a value converter using 'HasConversion'.
[20:46:49 WRN] No store type was specified for the decimal property 'DaysUsed' on entity type 'LaytimeCalculation'. This will cause values to be silently truncated if they do not fit in the default precision and scale. Explicitly specify the SQL server column type that can accommodate all the values in 'OnModelCreating' using 'HasColumnType', specify precision and scale using 'HasPrecision', or configure a value converter using 'HasConversion'.
[20:46:49 WRN] No store type was specified for the decimal property 'DemurrageAmount' on entity type 'LaytimeCalculation'. This will cause values to be silently truncated if they do not fit in the default precision and scale. Explicitly specify the SQL server column type that can accommodate all the values in 'OnModelCreating' using 'HasColumnType', specify precision and scale using 'HasPrecision', or configure a value converter using 'HasConversion'.
[20:46:49 WRN] No store type was specified for the decimal property 'DemurrageRate' on entity type 'LaytimeCalculation'. This will cause values to be silently truncated if they do not fit in the default precision and scale. Explicitly specify the SQL server column type that can accommodate all the values in 'OnModelCreating' using 'HasColumnType', specify precision and scale using 'HasPrecision', or configure a value converter using 'HasConversion'.
[20:46:49 WRN] No store type was specified for the decimal property 'DespatchEarning' on entity type 'LaytimeCalculation'. This will cause values to be silently truncated if they do not fit in the default precision and scale. Explicitly specify the SQL server column type that can accommodate all the values in 'OnModelCreating' using 'HasColumnType', specify precision and scale using 'HasPrecision', or configure a value converter using 'HasConversion'.
[20:46:49 WRN] No store type was specified for the decimal property 'DespatchRate' on entity type 'LaytimeCalculation'. This will cause values to be silently truncated if they do not fit in the default precision and scale. Explicitly specify the SQL server column type that can accommodate all the values in 'OnModelCreating' using 'HasColumnType', specify precision and scale using 'HasPrecision', or configure a value converter using 'HasConversion'.
[20:46:49 WRN] No store type was specified for the decimal property 'ExceptedDelay' on entity type 'LaytimeCalculation'. This will cause values to be silently truncated if they do not fit in the default precision and scale. Explicitly specify the SQL server column type that can accommodate all the values in 'OnModelCreating' using 'HasColumnType', specify precision and scale using 'HasPrecision', or configure a value converter using 'HasConversion'.
[20:46:49 WRN] No store type was specified for the decimal property 'LaytimeDaysAllowed' on entity type 'LaytimeCalculation'. This will cause values to be silently truncated if they do not fit in the default precision and scale. Explicitly specify the SQL server column type that can accommodate all the values in 'OnModelCreating' using 'HasColumnType', specify precision and scale using 'HasPrecision', or configure a value converter using 'HasConversion'.
[20:46:49 WRN] No store type was specified for the decimal property 'NetDemurrage' on entity type 'LaytimeCalculation'. This will cause values to be silently truncated if they do not fit in the default precision and scale. Explicitly specify the SQL server column type that can accommodate all the values in 'OnModelCreating' using 'HasColumnType', specify precision and scale using 'HasPrecision', or configure a value converter using 'HasConversion'.
[20:46:49 WRN] No store type was specified for the decimal property 'NetDemurragedays' on entity type 'LaytimeCalculation'. This will cause values to be silently truncated if they do not fit in the default precision and scale. Explicitly specify the SQL server column type that can accommodate all the values in 'OnModelCreating' using 'HasColumnType', specify precision and scale using 'HasPrecision', or configure a value converter using 'HasConversion'.
[20:46:49 WRN] No store type was specified for the decimal property 'ShiftingDelay' on entity type 'LaytimeCalculation'. This will cause values to be silently truncated if they do not fit in the default precision and scale. Explicitly specify the SQL server column type that can accommodate all the values in 'OnModelCreating' using 'HasColumnType', specify precision and scale using 'HasPrecision', or configure a value converter using 'HasConversion'.
[20:46:49 WRN] No store type was specified for the decimal property 'WeatherDelay' on entity type 'LaytimeCalculation'. This will cause values to be silently truncated if they do not fit in the default precision and scale. Explicitly specify the SQL server column type that can accommodate all the values in 'OnModelCreating' using 'HasColumnType', specify precision and scale using 'HasPrecision', or configure a value converter using 'HasConversion'.
[20:46:49 WRN] No store type was specified for the decimal property 'Latitude' on entity type 'Port'. This will cause values to be silently truncated if they do not fit in the default precision and scale. Explicitly specify the SQL server column type that can accommodate all the values in 'OnModelCreating' using 'HasColumnType', specify precision and scale using 'HasPrecision', or configure a value converter using 'HasConversion'.
[20:46:49 WRN] No store type was specified for the decimal property 'Longitude' on entity type 'Port'. This will cause values to be silently truncated if they do not fit in the default precision and scale. Explicitly specify the SQL server column type that can accommodate all the values in 'OnModelCreating' using 'HasColumnType', specify precision and scale using 'HasPrecision', or configure a value converter using 'HasConversion'.
[20:46:49 WRN] No store type was specified for the decimal property 'Advance' on entity type 'ProFormaDisbursement'. This will cause values to be silently truncated if they do not fit in the default precision and scale. Explicitly specify the SQL server column type that can accommodate all the values in 'OnModelCreating' using 'HasColumnType', specify precision and scale using 'HasPrecision', or configure a value converter using 'HasConversion'.
[20:46:49 WRN] No store type was specified for the decimal property 'Estimated' on entity type 'ProFormaDisbursement'. This will cause values to be silently truncated if they do not fit in the default precision and scale. Explicitly specify the SQL server column type that can accommodate all the values in 'OnModelCreating' using 'HasColumnType', specify precision and scale using 'HasPrecision', or configure a value converter using 'HasConversion'.
[20:46:49 WRN] No store type was specified for the decimal property 'FdaFinal' on entity type 'ProFormaDisbursement'. This will cause values to be silently truncated if they do not fit in the default precision and scale. Explicitly specify the SQL server column type that can accommodate all the values in 'OnModelCreating' using 'HasColumnType', specify precision and scale using 'HasPrecision', or configure a value converter using 'HasConversion'.
[20:46:49 WRN] No store type was specified for the decimal property 'TypicalDays' on entity type 'SavedPassage'. This will cause values to be silently truncated if they do not fit in the default precision and scale. Explicitly specify the SQL server column type that can accommodate all the values in 'OnModelCreating' using 'HasColumnType', specify precision and scale using 'HasPrecision', or configure a value converter using 'HasConversion'.
[20:46:49 WRN] No store type was specified for the decimal property 'TypicalDistance' on entity type 'SavedPassage'. This will cause values to be silently truncated if they do not fit in the default precision and scale. Explicitly specify the SQL server column type that can accommodate all the values in 'OnModelCreating' using 'HasColumnType', specify precision and scale using 'HasPrecision', or configure a value converter using 'HasConversion'.
[20:46:49 WRN] No store type was specified for the decimal property 'TypicalSpeed' on entity type 'SavedPassage'. This will cause values to be silently truncated if they do not fit in the default precision and scale. Explicitly specify the SQL server column type that can accommodate all the values in 'OnModelCreating' using 'HasColumnType', specify precision and scale using 'HasPrecision', or configure a value converter using 'HasConversion'.
[20:46:49 WRN] No store type was specified for the decimal property 'Price' on entity type 'Voyage'. This will cause values to be silently truncated if they do not fit in the default precision and scale. Explicitly specify the SQL server column type that can accommodate all the values in 'OnModelCreating' using 'HasColumnType', specify precision and scale using 'HasPrecision', or configure a value converter using 'HasConversion'.
[20:46:49 WRN] No store type was specified for the decimal property 'Quantity' on entity type 'VoyageOrder'. This will cause values to be silently truncated if they do not fit in the default precision and scale. Explicitly specify the SQL server column type that can accommodate all the values in 'OnModelCreating' using 'HasColumnType', specify precision and scale using 'HasPrecision', or configure a value converter using 'HasConversion'.
[20:46:49 WRN] No store type was specified for the decimal property 'CpQuantity' on entity type 'VoyageRecap'. This will cause values to be silently truncated if they do not fit in the default precision and scale. Explicitly specify the SQL server column type that can accommodate all the values in 'OnModelCreating' using 'HasColumnType', specify precision and scale using 'HasPrecision', or configure a value converter using 'HasConversion'.
[20:46:49 WRN] No store type was specified for the decimal property 'Demurrage' on entity type 'VoyageRecap'. This will cause values to be silently truncated if they do not fit in the default precision and scale. Explicitly specify the SQL server column type that can accommodate all the values in 'OnModelCreating' using 'HasColumnType', specify precision and scale using 'HasPrecision', or configure a value converter using 'HasConversion'.
[20:46:49 WRN] No store type was specified for the decimal property 'Despatch' on entity type 'VoyageRecap'. This will cause values to be silently truncated if they do not fit in the default precision and scale. Explicitly specify the SQL server column type that can accommodate all the values in 'OnModelCreating' using 'HasColumnType', specify precision and scale using 'HasPrecision', or configure a value converter using 'HasConversion'.
[20:46:49 WRN] No store type was specified for the decimal property 'FinalQtyLoaded' on entity type 'VoyageRecap'. This will cause values to be silently truncated if they do not fit in the default precision and scale. Explicitly specify the SQL server column type that can accommodate all the values in 'OnModelCreating' using 'HasColumnType', specify precision and scale using 'HasPrecision', or configure a value converter using 'HasConversion'.
[20:46:49 WRN] No store type was specified for the decimal property 'FreightPerMt' on entity type 'VoyageRecap'. This will cause values to be silently truncated if they do not fit in the default precision and scale. Explicitly specify the SQL server column type that can accommodate all the values in 'OnModelCreating' using 'HasColumnType', specify precision and scale using 'HasPrecision', or configure a value converter using 'HasConversion'.
[20:46:49 WRN] No store type was specified for the decimal property 'HirePerDay' on entity type 'VoyageRecap'. This will cause values to be silently truncated if they do not fit in the default precision and scale. Explicitly specify the SQL server column type that can accommodate all the values in 'OnModelCreating' using 'HasColumnType', specify precision and scale using 'HasPrecision', or configure a value converter using 'HasConversion'.
[20:46:49 WRN] No store type was specified for the decimal property 'Laytime' on entity type 'VoyageRecap'. This will cause values to be silently truncated if they do not fit in the default precision and scale. Explicitly specify the SQL server column type that can accommodate all the values in 'OnModelCreating' using 'HasColumnType', specify precision and scale using 'HasPrecision', or configure a value converter using 'HasConversion'.
[20:46:49 WRN] No store type was specified for the decimal property 'NetResultShip' on entity type 'VoyageRecap'. This will cause values to be silently truncated if they do not fit in the default precision and scale. Explicitly specify the SQL server column type that can accommodate all the values in 'OnModelCreating' using 'HasColumnType', specify precision and scale using 'HasPrecision', or configure a value converter using 'HasConversion'.
[20:46:50 INF] Executed DbCommand (27ms) [Parameters=[], CommandType='Text', CommandTimeout='30']
SELECT 1
[20:46:50 INF] Executed DbCommand (27ms) [Parameters=[], CommandType='Text', CommandTimeout='30']
SELECT OBJECT_ID(N'[__EFMigrationsHistory]');
[20:46:50 INF] Executed DbCommand (2ms) [Parameters=[], CommandType='Text', CommandTimeout='30']
SELECT 1
[20:46:50 INF] Executed DbCommand (1ms) [Parameters=[], CommandType='Text', CommandTimeout='30']
SELECT OBJECT_ID(N'[__EFMigrationsHistory]');
[20:46:50 INF] Executed DbCommand (5ms) [Parameters=[], CommandType='Text', CommandTimeout='30']
SELECT [MigrationId], [ProductVersion]
FROM [__EFMigrationsHistory]
ORDER BY [MigrationId];
[20:46:50 INF] No migrations were applied. The database is already up to date.
[20:46:50 INF] Executed DbCommand (15ms) [Parameters=[@__normalizedName_0='?' (Size = 256)], CommandType='Text', CommandTimeout='30']
SELECT TOP(1) [a].[Id], [a].[ConcurrencyStamp], [a].[Description], [a].[Name], [a].[NormalizedName]
FROM [AspNetRoles] AS [a]
WHERE [a].[NormalizedName] = @__normalizedName_0
[20:46:50 INF] Executed DbCommand (1ms) [Parameters=[@__normalizedName_0='?' (Size = 256)], CommandType='Text', CommandTimeout='30']
SELECT TOP(1) [a].[Id], [a].[ConcurrencyStamp], [a].[Description], [a].[Name], [a].[NormalizedName]
FROM [AspNetRoles] AS [a]
WHERE [a].[NormalizedName] = @__normalizedName_0
[20:46:50 INF] Executed DbCommand (0ms) [Parameters=[@__normalizedName_0='?' (Size = 256)], CommandType='Text', CommandTimeout='30']
SELECT TOP(1) [a].[Id], [a].[ConcurrencyStamp], [a].[Description], [a].[Name], [a].[NormalizedName]
FROM [AspNetRoles] AS [a]
WHERE [a].[NormalizedName] = @__normalizedName_0
[20:46:50 INF] Executed DbCommand (0ms) [Parameters=[@__normalizedName_0='?' (Size = 256)], CommandType='Text', CommandTimeout='30']
SELECT TOP(1) [a].[Id], [a].[ConcurrencyStamp], [a].[Description], [a].[Name], [a].[NormalizedName]
FROM [AspNetRoles] AS [a]
WHERE [a].[NormalizedName] = @__normalizedName_0
[20:46:50 INF] Executed DbCommand (4ms) [Parameters=[], CommandType='Text', CommandTimeout='30']
SELECT [m].[Id], [m].[CreatedAt], [m].[Description], [m].[IsGlobalActive], [m].[Name], [m].[NormalizedName]
FROM [Modules] AS [m]
WHERE [m].[NormalizedName] IN (N'INVENTORY', N'PAYROLL', N'REPORTS', N'CRM')
[20:46:50 INF] Executed DbCommand (5ms) [Parameters=[@__obsolete_Id_0='?' (DbType = Guid)], CommandType='Text', CommandTimeout='30']
SELECT CASE
    WHEN EXISTS (
        SELECT 1
        FROM [TenantModuleAccesses] AS [t]
        WHERE [t].[ModuleId] = @__obsolete_Id_0) THEN CAST(1 AS bit)
    ELSE CAST(0 AS bit)
END
[20:46:50 INF] Executed DbCommand (1ms) [Parameters=[@__obsolete_Id_0='?' (DbType = Guid)], CommandType='Text', CommandTimeout='30']
SELECT CASE
    WHEN EXISTS (
        SELECT 1
        FROM [TenantModuleAccesses] AS [t]
        WHERE [t].[ModuleId] = @__obsolete_Id_0) THEN CAST(1 AS bit)
    ELSE CAST(0 AS bit)
END
[20:46:50 INF] Executed DbCommand (0ms) [Parameters=[@__obsolete_Id_0='?' (DbType = Guid)], CommandType='Text', CommandTimeout='30']
SELECT CASE
    WHEN EXISTS (
        SELECT 1
        FROM [TenantModuleAccesses] AS [t]
        WHERE [t].[ModuleId] = @__obsolete_Id_0) THEN CAST(1 AS bit)
    ELSE CAST(0 AS bit)
END
[20:46:50 INF] Executed DbCommand (3ms) [Parameters=[@__module_NormalizedName_0='?' (Size = 100)], CommandType='Text', CommandTimeout='30']
SELECT CASE
    WHEN EXISTS (
        SELECT 1
        FROM [Modules] AS [m]
        WHERE [m].[NormalizedName] = @__module_NormalizedName_0) THEN CAST(1 AS bit)
    ELSE CAST(0 AS bit)
END
[20:46:50 INF] Executed DbCommand (1ms) [Parameters=[@__module_NormalizedName_0='?' (Size = 100)], CommandType='Text', CommandTimeout='30']
SELECT CASE
    WHEN EXISTS (
        SELECT 1
        FROM [Modules] AS [m]
        WHERE [m].[NormalizedName] = @__module_NormalizedName_0) THEN CAST(1 AS bit)
    ELSE CAST(0 AS bit)
END
[20:46:50 INF] Executed DbCommand (1ms) [Parameters=[@__module_NormalizedName_0='?' (Size = 100)], CommandType='Text', CommandTimeout='30']
SELECT CASE
    WHEN EXISTS (
        SELECT 1
        FROM [Modules] AS [m]
        WHERE [m].[NormalizedName] = @__module_NormalizedName_0) THEN CAST(1 AS bit)
    ELSE CAST(0 AS bit)
END
[20:46:50 INF] Executed DbCommand (0ms) [Parameters=[@__module_NormalizedName_0='?' (Size = 100)], CommandType='Text', CommandTimeout='30']
SELECT CASE
    WHEN EXISTS (
        SELECT 1
        FROM [Modules] AS [m]
        WHERE [m].[NormalizedName] = @__module_NormalizedName_0) THEN CAST(1 AS bit)
    ELSE CAST(0 AS bit)
END
[20:46:50 INF] Executed DbCommand (0ms) [Parameters=[@__module_NormalizedName_0='?' (Size = 100)], CommandType='Text', CommandTimeout='30']
SELECT CASE
    WHEN EXISTS (
        SELECT 1
        FROM [Modules] AS [m]
        WHERE [m].[NormalizedName] = @__module_NormalizedName_0) THEN CAST(1 AS bit)
    ELSE CAST(0 AS bit)
END
[20:46:50 INF] Executed DbCommand (0ms) [Parameters=[@__module_NormalizedName_0='?' (Size = 100)], CommandType='Text', CommandTimeout='30']
SELECT CASE
    WHEN EXISTS (
        SELECT 1
        FROM [Modules] AS [m]
        WHERE [m].[NormalizedName] = @__module_NormalizedName_0) THEN CAST(1 AS bit)
    ELSE CAST(0 AS bit)
END
[20:46:50 INF] Executed DbCommand (0ms) [Parameters=[@__module_NormalizedName_0='?' (Size = 100)], CommandType='Text', CommandTimeout='30']
SELECT CASE
    WHEN EXISTS (
        SELECT 1
        FROM [Modules] AS [m]
        WHERE [m].[NormalizedName] = @__module_NormalizedName_0) THEN CAST(1 AS bit)
    ELSE CAST(0 AS bit)
END
[20:46:51 INF] Executed DbCommand (5ms) [Parameters=[@__ef_filter__p_0='?' (DbType = Boolean), @__normalizedEmail_0='?' (Size = 256)], CommandType='Text', CommandTimeout='30']
SELECT TOP(2) [u].[Id], [u].[AccessFailedCount], [u].[AssignedVesselImo], [u].[AssignedVesselName], [u].[ConcurrencyStamp], [u].[CreatedAt], [u].[CreatedByUserId], [u].[Email], [u].[EmailConfirmed], [u].[FullName], [u].[IsActive], [u].[LastLoginAt], [u].[LockoutEnabled], [u].[LockoutEnd], [u].[NormalizedEmail], [u].[NormalizedUserName], [u].[PasswordHash], [u].[PhoneNumber], [u].[PhoneNumberConfirmed], [u].[SecurityStamp], [u].[TenantId], [u].[TwoFactorEnabled], [u].[UpdatedAt], [u].[UserName]
FROM [Users] AS [u]
WHERE (@__ef_filter__p_0 = CAST(1 AS bit) OR [u].[TenantId] IS NULL) AND [u].[NormalizedEmail] = @__normalizedEmail_0
[20:46:51 INF] Executed DbCommand (8ms) [Parameters=[@__ef_filter__p_0='?' (DbType = Boolean), @__normalizedUserName_0='?' (Size = 256)], CommandType='Text', CommandTimeout='30']
SELECT TOP(1) [u].[Id], [u].[AccessFailedCount], [u].[AssignedVesselImo], [u].[AssignedVesselName], [u].[ConcurrencyStamp], [u].[CreatedAt], [u].[CreatedByUserId], [u].[Email], [u].[EmailConfirmed], [u].[FullName], [u].[IsActive], [u].[LastLoginAt], [u].[LockoutEnabled], [u].[LockoutEnd], [u].[NormalizedEmail], [u].[NormalizedUserName], [u].[PasswordHash], [u].[PhoneNumber], [u].[PhoneNumberConfirmed], [u].[SecurityStamp], [u].[TenantId], [u].[TwoFactorEnabled], [u].[UpdatedAt], [u].[UserName]
FROM [Users] AS [u]
WHERE (@__ef_filter__p_0 = CAST(1 AS bit) OR [u].[TenantId] IS NULL) AND [u].[NormalizedUserName] = @__normalizedUserName_0
[20:46:51 INF] Executed DbCommand (1ms) [Parameters=[@__ef_filter__p_0='?' (DbType = Boolean), @__normalizedEmail_0='?' (Size = 256)], CommandType='Text', CommandTimeout='30']
SELECT TOP(2) [u].[Id], [u].[AccessFailedCount], [u].[AssignedVesselImo], [u].[AssignedVesselName], [u].[ConcurrencyStamp], [u].[CreatedAt], [u].[CreatedByUserId], [u].[Email], [u].[EmailConfirmed], [u].[FullName], [u].[IsActive], [u].[LastLoginAt], [u].[LockoutEnabled], [u].[LockoutEnd], [u].[NormalizedEmail], [u].[NormalizedUserName], [u].[PasswordHash], [u].[PhoneNumber], [u].[PhoneNumberConfirmed], [u].[SecurityStamp], [u].[TenantId], [u].[TwoFactorEnabled], [u].[UpdatedAt], [u].[UserName]
FROM [Users] AS [u]
WHERE (@__ef_filter__p_0 = CAST(1 AS bit) OR [u].[TenantId] IS NULL) AND [u].[NormalizedEmail] = @__normalizedEmail_0
[20:46:51 INF] Executed DbCommand (25ms) [Parameters=[@p23='?' (DbType = Guid), @p0='?' (DbType = Int32), @p1='?' (Size = 4000), @p2='?' (Size = 4000), @p3='?' (Size = 4000), @p24='?' (Size = 4000), @p4='?' (DbType = DateTime2), @p5='?' (DbType = Guid), @p6='?' (Size = 256), @p7='?' (DbType = Boolean), @p8='?' (Size = 100), @p9='?' (DbType = Boolean), @p10='?' (DbType = DateTime2), @p11='?' (DbType = Boolean), @p12='?' (DbType = DateTimeOffset), @p13='?' (Size = 256), @p14='?' (Size = 256), @p15='?' (Size = 4000), @p16='?' (Size = 4000), @p17='?' (DbType = Boolean), @p18='?' (Size = 4000), @p19='?' (DbType = Guid), @p20='?' (DbType = Boolean), @p21='?' (DbType = DateTime2), @p22='?' (Size = 256)], CommandType='Text', CommandTimeout='30']
SET IMPLICIT_TRANSACTIONS OFF;
SET NOCOUNT ON;
UPDATE [Users] SET [AccessFailedCount] = @p0, [AssignedVesselImo] = @p1, [AssignedVesselName] = @p2, [ConcurrencyStamp] = @p3, [CreatedAt] = @p4, [CreatedByUserId] = @p5, [Email] = @p6, [EmailConfirmed] = @p7, [FullName] = @p8, [IsActive] = @p9, [LastLoginAt] = @p10, [LockoutEnabled] = @p11, [LockoutEnd] = @p12, [NormalizedEmail] = @p13, [NormalizedUserName] = @p14, [PasswordHash] = @p15, [PhoneNumber] = @p16, [PhoneNumberConfirmed] = @p17, [SecurityStamp] = @p18, [TenantId] = @p19, [TwoFactorEnabled] = @p20, [UpdatedAt] = @p21, [UserName] = @p22
OUTPUT 1
WHERE [Id] = @p23 AND [ConcurrencyStamp] = @p24;
[20:46:51 INF] Executed DbCommand (3ms) [Parameters=[@__normalizedRoleName_0='?' (Size = 256)], CommandType='Text', CommandTimeout='30']
SELECT TOP(2) [a].[Id], [a].[ConcurrencyStamp], [a].[Description], [a].[Name], [a].[NormalizedName]
FROM [AspNetRoles] AS [a]
WHERE [a].[NormalizedName] = @__normalizedRoleName_0
[20:46:51 INF] Executed DbCommand (3ms) [Parameters=[@__get_Item_0='?' (DbType = Guid), @__get_Item_1='?' (DbType = Guid)], CommandType='Text', CommandTimeout='30']
SELECT TOP(1) [a].[UserId], [a].[RoleId]
FROM [AspNetUserRoles] AS [a]
WHERE [a].[UserId] = @__get_Item_0 AND [a].[RoleId] = @__get_Item_1
[20:46:51 INF] Executed DbCommand (1ms) [Parameters=[@__ef_filter__p_0='?' (DbType = Boolean), @__normalizedEmail_0='?' (Size = 256)], CommandType='Text', CommandTimeout='30']
SELECT TOP(2) [u].[Id], [u].[AccessFailedCount], [u].[AssignedVesselImo], [u].[AssignedVesselName], [u].[ConcurrencyStamp], [u].[CreatedAt], [u].[CreatedByUserId], [u].[Email], [u].[EmailConfirmed], [u].[FullName], [u].[IsActive], [u].[LastLoginAt], [u].[LockoutEnabled], [u].[LockoutEnd], [u].[NormalizedEmail], [u].[NormalizedUserName], [u].[PasswordHash], [u].[PhoneNumber], [u].[PhoneNumberConfirmed], [u].[SecurityStamp], [u].[TenantId], [u].[TwoFactorEnabled], [u].[UpdatedAt], [u].[UserName]
FROM [Users] AS [u]
WHERE (@__ef_filter__p_0 = CAST(1 AS bit) OR [u].[TenantId] IS NULL) AND [u].[NormalizedEmail] = @__normalizedEmail_0
[20:46:51 INF] Executed DbCommand (2ms) [Parameters=[@__testTenantId_0='?' (DbType = Guid)], CommandType='Text', CommandTimeout='30']
SELECT TOP(1) [t].[Id], [t].[AdminUserId], [t].[CompanyName], [t].[CreatedAt], [t].[IsActive], [t].[SubscriptionStatus], [t].[UpdatedAt]
FROM [Tenants] AS [t]
WHERE [t].[Id] = @__testTenantId_0
[20:46:51 INF] Executed DbCommand (3ms) [Parameters=[@__8__locals1_testTenantId_0='?' (DbType = Guid), @__modId_1='?' (DbType = Guid)], CommandType='Text', CommandTimeout='30']
SELECT CASE
    WHEN EXISTS (
        SELECT 1
        FROM [TenantModuleAccesses] AS [t]
        WHERE [t].[TenantId] = @__8__locals1_testTenantId_0 AND [t].[ModuleId] = @__modId_1) THEN CAST(1 AS bit)
    ELSE CAST(0 AS bit)
END
[20:46:51 INF] Executed DbCommand (0ms) [Parameters=[@__8__locals1_testTenantId_0='?' (DbType = Guid), @__modId_1='?' (DbType = Guid)], CommandType='Text', CommandTimeout='30']
SELECT CASE
    WHEN EXISTS (
        SELECT 1
        FROM [TenantModuleAccesses] AS [t]
        WHERE [t].[TenantId] = @__8__locals1_testTenantId_0 AND [t].[ModuleId] = @__modId_1) THEN CAST(1 AS bit)
    ELSE CAST(0 AS bit)
END
[20:46:51 INF] Executed DbCommand (0ms) [Parameters=[@__8__locals1_testTenantId_0='?' (DbType = Guid), @__modId_1='?' (DbType = Guid)], CommandType='Text', CommandTimeout='30']
SELECT CASE
    WHEN EXISTS (
        SELECT 1
        FROM [TenantModuleAccesses] AS [t]
        WHERE [t].[TenantId] = @__8__locals1_testTenantId_0 AND [t].[ModuleId] = @__modId_1) THEN CAST(1 AS bit)
    ELSE CAST(0 AS bit)
END
[20:46:51 INF] Executed DbCommand (1ms) [Parameters=[@__ef_filter__p_0='?' (DbType = Boolean), @__normalizedEmail_0='?' (Size = 256)], CommandType='Text', CommandTimeout='30']
SELECT TOP(2) [u].[Id], [u].[AccessFailedCount], [u].[AssignedVesselImo], [u].[AssignedVesselName], [u].[ConcurrencyStamp], [u].[CreatedAt], [u].[CreatedByUserId], [u].[Email], [u].[EmailConfirmed], [u].[FullName], [u].[IsActive], [u].[LastLoginAt], [u].[LockoutEnabled], [u].[LockoutEnd], [u].[NormalizedEmail], [u].[NormalizedUserName], [u].[PasswordHash], [u].[PhoneNumber], [u].[PhoneNumberConfirmed], [u].[SecurityStamp], [u].[TenantId], [u].[TwoFactorEnabled], [u].[UpdatedAt], [u].[UserName]
FROM [Users] AS [u]
WHERE (@__ef_filter__p_0 = CAST(1 AS bit) OR [u].[TenantId] IS NULL) AND [u].[NormalizedEmail] = @__normalizedEmail_0
[20:46:51 INF] Executed DbCommand (1ms) [Parameters=[@__ef_filter__p_0='?' (DbType = Boolean), @__normalizedEmail_0='?' (Size = 256)], CommandType='Text', CommandTimeout='30']
SELECT TOP(2) [u].[Id], [u].[AccessFailedCount], [u].[AssignedVesselImo], [u].[AssignedVesselName], [u].[ConcurrencyStamp], [u].[CreatedAt], [u].[CreatedByUserId], [u].[Email], [u].[EmailConfirmed], [u].[FullName], [u].[IsActive], [u].[LastLoginAt], [u].[LockoutEnabled], [u].[LockoutEnd], [u].[NormalizedEmail], [u].[NormalizedUserName], [u].[PasswordHash], [u].[PhoneNumber], [u].[PhoneNumberConfirmed], [u].[SecurityStamp], [u].[TenantId], [u].[TwoFactorEnabled], [u].[UpdatedAt], [u].[UserName]
FROM [Users] AS [u]
WHERE (@__ef_filter__p_0 = CAST(1 AS bit) OR [u].[TenantId] IS NULL) AND [u].[NormalizedEmail] = @__normalizedEmail_0
[20:46:51 INF] Executed DbCommand (11ms) [Parameters=[@__testTenantId_0='?' (DbType = Guid), @__demoVesselImos_1='?' (Size = 4000)], CommandType='Text', CommandTimeout='30']
DELETE FROM [v]
FROM [Voyages] AS [v]
WHERE [v].[TenantId] = @__testTenantId_0 AND [v].[Imo] IN (
    SELECT [d].[value]
    FROM OPENJSON(@__demoVesselImos_1) WITH ([value] nvarchar(max) '$') AS [d]
)
[20:46:51 INF] Executed DbCommand (12ms) [Parameters=[@__testTenantId_0='?' (DbType = Guid), @__demoVesselImos_1='?' (Size = 4000)], CommandType='Text', CommandTimeout='30']
DELETE FROM [v]
FROM [Vessels] AS [v]
WHERE [v].[TenantId] = @__testTenantId_0 AND [v].[Imo] IN (
    SELECT [d].[value]
    FROM OPENJSON(@__demoVesselImos_1) WITH ([value] nvarchar(50) '$') AS [d]
)
[20:46:51 INF] Executed DbCommand (6ms) [Parameters=[@__testTenantId_0='?' (DbType = Guid), @__demoVesselNames_1='?' (Size = 4000)], CommandType='Text', CommandTimeout='30']
DELETE FROM [v]
FROM [VoyageEstimates] AS [v]
WHERE [v].[TenantId] = @__testTenantId_0 AND [v].[VesselName] IN (
    SELECT [d].[value]
    FROM OPENJSON(@__demoVesselNames_1) WITH ([value] nvarchar(150) '$') AS [d]
)
[20:46:51 INF] Executed DbCommand (8ms) [Parameters=[@__testTenantId_0='?' (DbType = Guid), @__demoVesselNames_1='?' (Size = 4000), @__demoVesselImos_2='?' (Size = 4000)], CommandType='Text', CommandTimeout='30']
DELETE FROM [b]
FROM [BunkerRequirements] AS [b]
WHERE [b].[TenantId] = @__testTenantId_0 AND ([b].[VesselName] IN (
    SELECT [d].[value]
    FROM OPENJSON(@__demoVesselNames_1) WITH ([value] nvarchar(150) '$') AS [d]
) OR [b].[Imo] IN (
    SELECT [d0].[value]
    FROM OPENJSON(@__demoVesselImos_2) WITH ([value] nvarchar(max) '$') AS [d0]
))
[20:46:51 ERR] Hosting failed to start
System.IO.IOException: Failed to bind to address http://127.0.0.1:5000: address already in use.
 ---> Microsoft.AspNetCore.Connections.AddressInUseException: Only one usage of each socket address (protocol/network address/port) is normally permitted.
 ---> System.Net.Sockets.SocketException (10048): Only one usage of each socket address (protocol/network address/port) is normally permitted.
   at System.Net.Sockets.Socket.UpdateStatusAfterSocketErrorAndThrowException(SocketError error, Boolean disconnectOnFailure, String callerName)
   at System.Net.Sockets.Socket.DoBind(EndPoint endPointSnapshot, SocketAddress socketAddress)
   at System.Net.Sockets.Socket.Bind(EndPoint localEP)
   at Microsoft.AspNetCore.Server.Kestrel.Transport.Sockets.SocketTransportOptions.CreateDefaultBoundListenSocket(EndPoint endpoint)
   at Microsoft.AspNetCore.Server.Kestrel.Transport.Sockets.SocketConnectionListener.Bind()
   --- End of inner exception stack trace ---
   at Microsoft.AspNetCore.Server.Kestrel.Transport.Sockets.SocketConnectionListener.Bind()
   at Microsoft.AspNetCore.Server.Kestrel.Transport.Sockets.SocketTransportFactory.BindAsync(EndPoint endpoint, CancellationToken cancellationToken)
   at Microsoft.AspNetCore.Server.Kestrel.Core.Internal.Infrastructure.TransportManager.BindAsync(EndPoint endPoint, ConnectionDelegate connectionDelegate, EndpointConfig endpointConfig, CancellationToken cancellationToken)
   at Microsoft.AspNetCore.Server.Kestrel.Core.KestrelServerImpl.<>c__DisplayClass28_0`1.<<StartAsync>g__OnBind|0>d.MoveNext()
--- End of stack trace from previous location ---
   at Microsoft.AspNetCore.Server.Kestrel.Core.Internal.AddressBinder.BindEndpointAsync(ListenOptions endpoint, AddressBindContext context, CancellationToken cancellationToken)
   --- End of inner exception stack trace ---
   at Microsoft.AspNetCore.Server.Kestrel.Core.Internal.AddressBinder.BindEndpointAsync(ListenOptions endpoint, AddressBindContext context, CancellationToken cancellationToken)
   at Microsoft.AspNetCore.Server.Kestrel.Core.LocalhostListenOptions.BindAsync(AddressBindContext context, CancellationToken cancellationToken)
   at Microsoft.AspNetCore.Server.Kestrel.Core.Internal.AddressBinder.AddressesStrategy.BindAsync(AddressBindContext context, CancellationToken cancellationToken)
   at Microsoft.AspNetCore.Server.Kestrel.Core.Internal.AddressBinder.BindAsync(ListenOptions[] listenOptions, AddressBindContext context, Func`2 useHttps, CancellationToken cancellationToken)
   at Microsoft.AspNetCore.Server.Kestrel.Core.KestrelServerImpl.BindAsync(CancellationToken cancellationToken)
   at Microsoft.AspNetCore.Server.Kestrel.Core.KestrelServerImpl.StartAsync[TContext](IHttpApplication`1 application, CancellationToken cancellationToken)
   at Microsoft.AspNetCore.Hosting.GenericWebHostService.StartAsync(CancellationToken cancellationToken)
   at Microsoft.Extensions.Hosting.Internal.Host.<StartAsync>b__15_1(IHostedService service, CancellationToken token)
   at Microsoft.Extensions.Hosting.Internal.Host.ForeachService[T](IEnumerable`1 services, CancellationToken token, Boolean concurrent, Boolean abortOnFirstException, List`1 exceptions, Func`3 operation)
[20:46:51 FTL] Host terminated unexpectedly
System.IO.IOException: Failed to bind to address http://127.0.0.1:5000: address already in use.
 ---> Microsoft.AspNetCore.Connections.AddressInUseException: Only one usage of each socket address (protocol/network address/port) is normally permitted.
 ---> System.Net.Sockets.SocketException (10048): Only one usage of each socket address (protocol/network address/port) is normally permitted.
   at System.Net.Sockets.Socket.UpdateStatusAfterSocketErrorAndThrowException(SocketError error, Boolean disconnectOnFailure, String callerName)
   at System.Net.Sockets.Socket.DoBind(EndPoint endPointSnapshot, SocketAddress socketAddress)
   at System.Net.Sockets.Socket.Bind(EndPoint localEP)
   at Microsoft.AspNetCore.Server.Kestrel.Transport.Sockets.SocketTransportOptions.CreateDefaultBoundListenSocket(EndPoint endpoint)
   at Microsoft.AspNetCore.Server.Kestrel.Transport.Sockets.SocketConnectionListener.Bind()
   --- End of inner exception stack trace ---
   at Microsoft.AspNetCore.Server.Kestrel.Transport.Sockets.SocketConnectionListener.Bind()
   at Microsoft.AspNetCore.Server.Kestrel.Transport.Sockets.SocketTransportFactory.BindAsync(EndPoint endpoint, CancellationToken cancellationToken)
   at Microsoft.AspNetCore.Server.Kestrel.Core.Internal.Infrastructure.TransportManager.BindAsync(EndPoint endPoint, ConnectionDelegate connectionDelegate, EndpointConfig endpointConfig, CancellationToken cancellationToken)
   at Microsoft.AspNetCore.Server.Kestrel.Core.KestrelServerImpl.<>c__DisplayClass28_0`1.<<StartAsync>g__OnBind|0>d.MoveNext()
--- End of stack trace from previous location ---
   at Microsoft.AspNetCore.Server.Kestrel.Core.Internal.AddressBinder.BindEndpointAsync(ListenOptions endpoint, AddressBindContext context, CancellationToken cancellationToken)
   --- End of inner exception stack trace ---
   at Microsoft.AspNetCore.Server.Kestrel.Core.Internal.AddressBinder.BindEndpointAsync(ListenOptions endpoint, AddressBindContext context, CancellationToken cancellationToken)
   at Microsoft.AspNetCore.Server.Kestrel.Core.LocalhostListenOptions.BindAsync(AddressBindContext context, CancellationToken cancellationToken)
   at Microsoft.AspNetCore.Server.Kestrel.Core.Internal.AddressBinder.AddressesStrategy.BindAsync(AddressBindContext context, CancellationToken cancellationToken)
   at Microsoft.AspNetCore.Server.Kestrel.Core.Internal.AddressBinder.BindAsync(ListenOptions[] listenOptions, AddressBindContext context, Func`2 useHttps, CancellationToken cancellationToken)
   at Microsoft.AspNetCore.Server.Kestrel.Core.KestrelServerImpl.BindAsync(CancellationToken cancellationToken)
   at Microsoft.AspNetCore.Server.Kestrel.Core.KestrelServerImpl.StartAsync[TContext](IHttpApplication`1 application, CancellationToken cancellationToken)
   at Microsoft.AspNetCore.Hosting.GenericWebHostService.StartAsync(CancellationToken cancellationToken)
   at Microsoft.Extensions.Hosting.Internal.Host.<StartAsync>b__15_1(IHostedService service, CancellationToken token)
   at Microsoft.Extensions.Hosting.Internal.Host.ForeachService[T](IEnumerable`1 services, CancellationToken token, Boolean concurrent, Boolean abortOnFirstException, List`1 exceptions, Func`3 operation)
   at Microsoft.Extensions.Hosting.Internal.Host.StartAsync(CancellationToken cancellationToken)
   at Microsoft.Extensions.Hosting.HostingAbstractionsHostExtensions.RunAsync(IHost host, CancellationToken token)
   at Microsoft.Extensions.Hosting.HostingAbstractionsHostExtensions.RunAsync(IHost host, CancellationToken token)
   at Microsoft.Extensions.Hosting.HostingAbstractionsHostExtensions.Run(IHost host)
   at Program.<Main>$(String[] args) in C:\Users\CHMOKUM\source\repos\STEM\backend\src\MultiTenantSaaS.API\Program.cs:line 146
